-- The C compiler identification is GNU 11.4.0
-- The CXX compiler identification is GNU 11.4.0
-- Detecting C compiler ABI info
-- Detecting C compiler ABI info - done
-- Check for working C compiler: /usr/bin/cc - skipped
-- Detecting C compile features
-- Detecting C compile features - done
-- Detecting CXX compiler ABI info
-- Detecting CXX compiler ABI info - done
-- Check for working CXX compiler: /usr/bin/c++ - skipped
-- Detecting CXX compile features
-- Detecting CXX compile features - done
-- Found ament_cmake: 1.3.12 (/opt/ros/humble/share/ament_cmake/cmake)
-- Found Python3: /usr/bin/python3 (found version "3.10.12") found components: Interpreter 
-- Found rclpy: 3.3.17 (/opt/ros/humble/share/rclpy/cmake)
-- Found nav2_msgs: 1.1.19 (/opt/ros/humble/share/nav2_msgs/cmake)
-- Found rosidl_generator_c: 3.1.7 (/opt/ros/humble/share/rosidl_generator_c/cmake)
-- Found rosidl_adapter: 3.1.7 (/opt/ros/humble/share/rosidl_adapter/cmake)
-- Found rosidl_generator_cpp: 3.1.7 (/opt/ros/humble/share/rosidl_generator_cpp/cmake)
-- Using all available rosidl_typesupport_c: rosidl_typesupport_fastrtps_c;rosidl_typesupport_introspection_c
-- Using all available rosidl_typesupport_cpp: rosidl_typesupport_fastrtps_cpp;rosidl_typesupport_introspection_cpp
-- Found visualization_msgs: 4.9.0 (/opt/ros/humble/share/visualization_msgs/cmake)
-- Configuring done
-- Generating done
[33mCMake Warning:
  Manually-specified variables were not used by the project:

    CATKIN_INSTALL_INTO_PREFIX_ROOT
    CATKIN_SYMLINK_INSTALL

[0m
-- Build files have been written to: /home/asd/robot_ws/src/tb3_server/build/tb3_server
Built target ament_cmake_python_copy_tb3_server
running egg_info
creating tb3_server.egg-info
writing tb3_server.egg-info/PKG-INFO
writing dependency_links to tb3_server.egg-info/dependency_links.txt
writing top-level names to tb3_server.egg-info/top_level.txt
writing manifest file 'tb3_server.egg-info/SOURCES.txt'
reading manifest file 'tb3_server.egg-info/SOURCES.txt'
writing manifest file 'tb3_server.egg-info/SOURCES.txt'
Built target ament_cmake_python_build_tb3_server_egg
-- Install configuration: ""
-- Installing: /home/asd/robot_ws/src/tb3_server/install/tb3_server/share/tb3_server/environment/pythonpath.sh
-- Installing: /home/asd/robot_ws/src/tb3_server/install/tb3_server/share/tb3_server/environment/pythonpath.dsv
-- Installing: /home/asd/robot_ws/src/tb3_server/install/tb3_server/local/lib/python3.10/dist-packages/tb3_server-0.1.0-py3.10.egg-info
-- Installing: /home/asd/robot_ws/src/tb3_server/install/tb3_server/local/lib/python3.10/dist-packages/tb3_server-0.1.0-py3.10.egg-info/dependency_links.txt
-- Installing: /home/asd/robot_ws/src/tb3_server/install/tb3_server/local/lib/python3.10/dist-packages/tb3_server-0.1.0-py3.10.egg-info/PKG-INFO
-- Installing: /home/asd/robot_ws/src/tb3_server/install/tb3_server/local/lib/python3.10/dist-packages/tb3_server-0.1.0-py3.10.egg-info/SOURCES.txt
-- Installing: /home/asd/robot_ws/src/tb3_server/install/tb3_server/local/lib/python3.10/dist-packages/tb3_server-0.1.0-py3.10.egg-info/top_level.txt
-- Installing: /home/asd/robot_ws/src/tb3_server/install/tb3_server/local/lib/python3.10/dist-packages/tb3_server
-- Installing: /home/asd/robot_ws/src/tb3_server/install/tb3_server/local/lib/python3.10/dist-packages/tb3_server/__init__.py
-- Installing: /home/asd/robot_ws/src/tb3_server/install/tb3_server/local/lib/python3.10/dist-packages/tb3_server/alarm_node.py
-- Installing: /home/asd/robot_ws/src/tb3_server/install/tb3_server/local/lib/python3.10/dist-packages/tb3_server/qr_reader_node.py
-- Installing: /home/asd/robot_ws/src/tb3_server/install/tb3_server/local/lib/python3.10/dist-packages/tb3_server/coordinator_node.py
Listing '/home/asd/robot_ws/src/tb3_server/install/tb3_server/local/lib/python3.10/dist-packages/tb3_server'...
Compiling '/home/asd/robot_ws/src/tb3_server/install/tb3_server/local/lib/python3.10/dist-packages/tb3_server/__init__.py'...
Compiling '/home/asd/robot_ws/src/tb3_server/install/tb3_server/local/lib/python3.10/dist-packages/tb3_server/alarm_node.py'...
Compiling '/home/asd/robot_ws/src/tb3_server/install/tb3_server/local/lib/python3.10/dist-packages/tb3_server/coordinator_node.py'...
Compiling '/home/asd/robot_ws/src/tb3_server/install/tb3_server/local/lib/python3.10/dist-packages/tb3_server/qr_reader_node.py'...
-- Installing: /home/asd/robot_ws/src/tb3_server/install/tb3_server/lib/tb3_server/coordinator
-- Installing: /home/asd/robot_ws/src/tb3_server/install/tb3_server/lib/tb3_server/qr_reader
-- Installing: /home/asd/robot_ws/src/tb3_server/install/tb3_server/lib/tb3_server/alarm
-- Installing: /home/asd/robot_ws/src/tb3_server/install/tb3_server/share/tb3_server/launch
-- Installing: /home/asd/robot_ws/src/tb3_server/install/tb3_server/share/tb3_server/launch/bringup_patrol.launch.py.py
-- Installing: /home/asd/robot_ws/src/tb3_server/install/tb3_server/share/tb3_server/config
-- Installing: /home/asd/robot_ws/src/tb3_server/install/tb3_server/share/tb3_server/config/qr_waypoints.yaml
-- Installing: /home/asd/robot_ws/src/tb3_server/install/tb3_server/share/tb3_server/config/params.yaml
-- Installing: /home/asd/robot_ws/src/tb3_server/install/tb3_server/share/tb3_server/resource
-- Installing: /home/asd/robot_ws/src/tb3_server/install/tb3_server/share/tb3_server/resource/tb3_server
-- Installing: /home/asd/robot_ws/src/tb3_server/install/tb3_server/share/ament_index/resource_index/package_run_dependencies/tb3_server
-- Installing: /home/asd/robot_ws/src/tb3_server/install/tb3_server/share/ament_index/resource_index/parent_prefix_path/tb3_server
-- Installing: /home/asd/robot_ws/src/tb3_server/install/tb3_server/share/tb3_server/environment/ament_prefix_path.sh
-- Installing: /home/asd/robot_ws/src/tb3_server/install/tb3_server/share/tb3_server/environment/ament_prefix_path.dsv
-- Installing: /home/asd/robot_ws/src/tb3_server/install/tb3_server/share/tb3_server/environment/path.sh
-- Installing: /home/asd/robot_ws/src/tb3_server/install/tb3_server/share/tb3_server/environment/path.dsv
-- Installing: /home/asd/robot_ws/src/tb3_server/install/tb3_server/share/tb3_server/local_setup.bash
-- Installing: /home/asd/robot_ws/src/tb3_server/install/tb3_server/share/tb3_server/local_setup.sh
-- Installing: /home/asd/robot_ws/src/tb3_server/install/tb3_server/share/tb3_server/local_setup.zsh
-- Installing: /home/asd/robot_ws/src/tb3_server/install/tb3_server/share/tb3_server/local_setup.dsv
-- Installing: /home/asd/robot_ws/src/tb3_server/install/tb3_server/share/tb3_server/package.dsv
-- Installing: /home/asd/robot_ws/src/tb3_server/install/tb3_server/share/ament_index/resource_index/packages/tb3_server
-- Installing: /home/asd/robot_ws/src/tb3_server/install/tb3_server/share/tb3_server/cmake/tb3_serverConfig.cmake
-- Installing: /home/asd/robot_ws/src/tb3_server/install/tb3_server/share/tb3_server/cmake/tb3_serverConfig-version.cmake
-- Installing: /home/asd/robot_ws/src/tb3_server/install/tb3_server/share/tb3_server/package.xml
